[debug] [2025-10-27T05:45:37.030Z] ----------------------------------------------------------------------
[debug] [2025-10-27T05:45:37.033Z] Command:       C:\Program Files\nodejs\node.exe C:\Users\Admin\AppData\Roaming\npm\node_modules\firebase-tools\lib\bin\firebase.js init
[debug] [2025-10-27T05:45:37.033Z] CLI Version:   14.22.0
[debug] [2025-10-27T05:45:37.033Z] Platform:      win32
[debug] [2025-10-27T05:45:37.033Z] Node Version:  v22.14.0
[debug] [2025-10-27T05:45:37.033Z] Time:          Mon Oct 27 2025 12:45:37 GMT+0700 (เวลาอินโดจีน)
[debug] [2025-10-27T05:45:37.034Z] ----------------------------------------------------------------------
[debug] 
[info] 
     ######## #### ########  ######## ########     ###     ######  ########
     ##        ##  ##     ## ##       ##     ##  ##   ##  ##       ##
     ######    ##  ########  ######   ########  #########  ######  ######
     ##        ##  ##    ##  ##       ##     ## ##     ##       ## ##
     ##       #### ##     ## ######## ########  ##     ##  ######  ########

You're about to initialize a Firebase project in this directory:

  D:\class_2568_1\mobile_2568_1\Project-final\client

[debug] [2025-10-27T05:45:51.917Z] ExitPromptError: User force closed the prompt with SIGINT
    at Interface.sigint (C:\Users\Admin\AppData\Roaming\npm\node_modules\firebase-tools\node_modules\@inquirer\core\dist\commonjs\lib\create-prompt.js:101:37)
    at Interface.emit (node:events:518:28)
    at Interface.emit (node:domain:489:12)
    at [_ttyWrite] [as _ttyWrite] (node:internal/readline/interface:1124:18)
    at ReadStream.onkeypress (node:internal/readline/interface:263:20)
    at ReadStream.emit (node:events:530:35)
    at ReadStream.emit (node:domain:489:12)
    at emitKeys (node:internal/readline/utils:370:14)
    at emitKeys.next (<anonymous>)
    at ReadStream.onData (node:internal/readline/emitKeypressEvents:64:36)
[error] 
[error] Error: An unexpected error has occurred.
